Created file: file_P0XMvlmLSers.txt
Created file: file_2q6NlFvXOUeQ.txt
Created file: file_VGrVkviTzOZC.txt
Successfully created 3 files
